
> the-architect-protocol@1.0.0 docs:build
> vitepress build


  vitepress v1.6.4

- building client + server bundles...


(!) Found dead link /en/SOP in file guide/3-collaboration.md

If this is expected, you can disable this check via config. Refer: https://vitepress.dev/reference/site-config#ignoredeadlinks

x Build failed in 549ms
[31m✖[0m building client + server bundles...
build error:
[vitepress] 1 dead link(s) found.
[vitepress] 1 dead link(s) found.
    at Object.renderStart (file:///Users/jiajiawang/ai-code/node_modules/vitepress/dist/node/chunk-D3CUZ4fa.js:45027:15)
    at file:///Users/jiajiawang/ai-code/node_modules/rollup/dist/es/shared/node-entry.js:22626:40
    at async Promise.all (index 0)
    at async PluginDriver.hookParallel (file:///Users/jiajiawang/ai-code/node_modules/rollup/dist/es/shared/node-entry.js:22536:9)
    at async Bundle.generate (file:///Users/jiajiawang/ai-code/node_modules/rollup/dist/es/shared/node-entry.js:20650:13)
    at async file:///Users/jiajiawang/ai-code/node_modules/rollup/dist/es/shared/node-entry.js:23613:27
    at async catchUnfinishedHookActions (file:///Users/jiajiawang/ai-code/node_modules/rollup/dist/es/shared/node-entry.js:22980:16)
